[
  {
    "version": "v1",
    "path": "",
    "method": "get",
    "query_string": "/{{.Address}}",
    "http_code": 200,
    "body": {}
  }
]




